[0] -> webmaster@example.com
[1] -> =?UTF-8?B?QSBuZXcgY29tbWVudCBoYXMgYmVlbiBwb3N0ZWQ=?=
[2] -> On April 03, 2023, 08:02, cmb wrote:

> A comment

<http://example.com/?Forum&forum_action=create&forum_topic=64P36D1L6ORJGEB1C9HM8PB6>
[3] -> MIME-Version: 1.0
Content-type: text/plain; charset=UTF-8
Content-Transfer-Encoding: 8bit
From: webmaster@example.com
