<script type="module" src="/plugins/forum/forum.js?&amp;v=1.0"></script>
<div class="forum_container">
  <h2 class="forum_heading">Topics</h2>
  <div class="forum_topics">
  <div>
    <div class="forum_title">
      <a href="/?Forum&amp;forum_topic=0123456789abc">Topic Title</a>
    </div>
    <div class="forum_details">
      <span>1 comment</span>
      <span class="forum_separator">•</span>
      <span>most recent by cmb</span>
      <span class="forum_separator">•</span>
      <span class="forum_date">February 11, 2023, 15:50</span>
    </div>
  </div>
  </div>
</div>
