<p class="xh_fail">You are not authorized for this action!</p>
