<p class="xh_fail">&quot;invalid_name&quot; is an invalid forum name (may contain a-z, 0-9 and - only)!</p>
