<script type="module" src="./plugins/forum/forum.min.js"></script>
<div class="forum_container">
  <form class="forum_comment" action="/?Forum&amp;forum_action=create&amp;forum_topic=AHQQ0TB341A6JX3CCM" method="post" accept-charset="UTF-8" data-i18n='{"ENTER_URL":"Enter URL:"}'>
    <div class="forum_preview_container"></div>
    <input type="hidden" name="forum_token" value="e3c1b42a6098b48a39f9f54ddb3388f7">
    <h2 class="forum_heading">Add your comment</h2>
    <div class="forum_title">
      <input type="hidden" id="forum_title" name="forum_title" value="Topic Title" required>
    </div>
    <script type="text/x-template" id="forum_toolbar">
      <div>
        <button type="button" class="forum_bold_button" title="Bold" accesskey="b"><svg xmlns="http://www.w3.org/2000/svg" viewBox="0 0 384 512" width="1em" height="1em" fill="currentColor"><!--!Font Awesome Free 6.7.2 by @fontawesome - https://fontawesome.com License - https://fontawesome.com/license/free Copyright 2025 Fonticons, Inc.--><path d="M0 64C0 46.3 14.3 32 32 32l48 0 16 0 128 0c70.7 0 128 57.3 128 128c0 31.3-11.3 60.1-30 82.3c37.1 22.4 62 63.1 62 109.7c0 70.7-57.3 128-128 128L96 480l-16 0-48 0c-17.7 0-32-14.3-32-32s14.3-32 32-32l16 0 0-160L48 96 32 96C14.3 96 0 81.7 0 64zM224 224c35.3 0 64-28.7 64-64s-28.7-64-64-64L112 96l0 128 112 0zM112 288l0 128 144 0c35.3 0 64-28.7 64-64s-28.7-64-64-64l-32 0-112 0z"/></svg></button>
        <button type="button" class="forum_italic_button" title="Italic" accesskey="i"><svg xmlns="http://www.w3.org/2000/svg" viewBox="0 0 384 512" width="1em" height="1em" fill="currentColor"><!--!Font Awesome Free 6.7.2 by @fontawesome - https://fontawesome.com License - https://fontawesome.com/license/free Copyright 2025 Fonticons, Inc.--><path d="M128 64c0-17.7 14.3-32 32-32l192 0c17.7 0 32 14.3 32 32s-14.3 32-32 32l-58.7 0L160 416l64 0c17.7 0 32 14.3 32 32s-14.3 32-32 32L32 480c-17.7 0-32-14.3-32-32s14.3-32 32-32l58.7 0L224 96l-64 0c-17.7 0-32-14.3-32-32z"/></svg></button>
        <button type="button" class="forum_underline_button" title="Underline"><svg xmlns="http://www.w3.org/2000/svg" viewBox="0 0 448 512" width="1em" height="1em" fill="currentColor"><!--!Font Awesome Free 6.7.2 by @fontawesome - https://fontawesome.com License - https://fontawesome.com/license/free Copyright 2025 Fonticons, Inc.--><path d="M16 64c0-17.7 14.3-32 32-32l96 0c17.7 0 32 14.3 32 32s-14.3 32-32 32l-16 0 0 128c0 53 43 96 96 96s96-43 96-96l0-128-16 0c-17.7 0-32-14.3-32-32s14.3-32 32-32l96 0c17.7 0 32 14.3 32 32s-14.3 32-32 32l-16 0 0 128c0 88.4-71.6 160-160 160s-160-71.6-160-160L64 96 48 96C30.3 96 16 81.7 16 64zM0 448c0-17.7 14.3-32 32-32l384 0c17.7 0 32 14.3 32 32s-14.3 32-32 32L32 480c-17.7 0-32-14.3-32-32z"/></svg></button>
        <button type="button" class="forum_strikethrough_button" title="Strikethrough"><svg xmlns="http://www.w3.org/2000/svg" viewBox="0 0 512 512" width="1em" height="1em" fill="currentColor"><!--!Font Awesome Free 6.7.2 by @fontawesome - https://fontawesome.com License - https://fontawesome.com/license/free Copyright 2025 Fonticons, Inc.--><path d="M161.3 144c3.2-17.2 14-30.1 33.7-38.6c21.1-9 51.8-12.3 88.6-6.5c11.9 1.9 48.8 9.1 60.1 12c17.1 4.5 34.6-5.6 39.2-22.7s-5.6-34.6-22.7-39.2c-14.3-3.8-53.6-11.4-66.6-13.4c-44.7-7-88.3-4.2-123.7 10.9c-36.5 15.6-64.4 44.8-71.8 87.3c-.1 .6-.2 1.1-.2 1.7c-2.8 23.9 .5 45.6 10.1 64.6c4.5 9 10.2 16.9 16.7 23.9L32 224c-17.7 0-32 14.3-32 32s14.3 32 32 32l448 0c17.7 0 32-14.3 32-32s-14.3-32-32-32l-209.9 0-.4-.1-1.1-.3c-36-10.8-65.2-19.6-85.2-33.1c-9.3-6.3-15-12.6-18.2-19.1c-3.1-6.1-5.2-14.6-3.8-27.4zM348.9 337.2c2.7 6.5 4.4 15.8 1.9 30.1c-3 17.6-13.8 30.8-33.9 39.4c-21.1 9-51.7 12.3-88.5 6.5c-18-2.9-49.1-13.5-74.4-22.1c-5.6-1.9-11-3.7-15.9-5.4c-16.8-5.6-34.9 3.5-40.5 20.3s3.5 34.9 20.3 40.5c3.6 1.2 7.9 2.7 12.7 4.3c0 0 0 0 0 0s0 0 0 0c24.9 8.5 63.6 21.7 87.6 25.6c0 0 0 0 0 0l.2 0c44.7 7 88.3 4.2 123.7-10.9c36.5-15.6 64.4-44.8 71.8-87.3c3.6-21 2.7-40.4-3.1-58.1l-75.7 0c7 5.6 11.4 11.2 13.9 17.2z"/></svg></button>
        <button type="button" class="forum_emoticon_button" title="Emoticon"><svg xmlns="http://www.w3.org/2000/svg" viewBox="0 0 512 512" width="1em" height="1em" fill="currentColor"><!--!Font Awesome Free 6.7.2 by @fontawesome - https://fontawesome.com License - https://fontawesome.com/license/free Copyright 2025 Fonticons, Inc.--><path d="M464 256A208 208 0 1 0 48 256a208 208 0 1 0 416 0zM0 256a256 256 0 1 1 512 0A256 256 0 1 1 0 256zm177.6 62.1C192.8 334.5 218.8 352 256 352s63.2-17.5 78.4-33.9c9-9.7 24.2-10.4 33.9-1.4s10.4 24.2 1.4 33.9c-22 23.8-60 49.4-113.6 49.4s-91.7-25.5-113.6-49.4c-9-9.7-8.4-24.9 1.4-33.9s24.9-8.4 33.9 1.4zM144.4 208a32 32 0 1 1 64 0 32 32 0 1 1 -64 0zm192-32a32 32 0 1 1 0 64 32 32 0 1 1 0-64z"/></svg></button>
        <div class="forum_emoticons">
          <button type="button" class="forum_smile_button" title="Smile"><img src="./plugins/forum/images/emoticon_smile.png" alt="Smile"></button>
          <button type="button" class="forum_wink_button" title="Wink"><img src="./plugins/forum/images/emoticon_wink.png" alt="Wink"></button>
          <button type="button" class="forum_happy_button" title="Happy"><img src="./plugins/forum/images/emoticon_happy.png" alt="Happy"></button>
          <button type="button" class="forum_grin_button" title="Grin"><img src="./plugins/forum/images/emoticon_grin.png" alt="Grin"></button>
          <button type="button" class="forum_tongue_button" title="Tongue"><img src="./plugins/forum/images/emoticon_tongue.png" alt="Tongue"></button>
          <button type="button" class="forum_surprised_button" title="Surprised"><img src="./plugins/forum/images/emoticon_surprised.png" alt="Surprised"></button>
          <button type="button" class="forum_unhappy_button" title="Unhappy"><img src="./plugins/forum/images/emoticon_unhappy.png" alt="Unhappy"></button>
        </div>
        <button type="button" class="forum_picture_button" title="Picture"><svg xmlns="http://www.w3.org/2000/svg" viewBox="0 0 512 512" width="1em" height="1em" fill="currentColor"><!--!Font Awesome Free 6.7.2 by @fontawesome - https://fontawesome.com License - https://fontawesome.com/license/free Copyright 2025 Fonticons, Inc.--><path d="M448 80c8.8 0 16 7.2 16 16l0 319.8-5-6.5-136-176c-4.5-5.9-11.6-9.3-19-9.3s-14.4 3.4-19 9.3L202 340.7l-30.5-42.7C167 291.7 159.8 288 152 288s-15 3.7-19.5 10.1l-80 112L48 416.3l0-.3L48 96c0-8.8 7.2-16 16-16l384 0zM64 32C28.7 32 0 60.7 0 96L0 416c0 35.3 28.7 64 64 64l384 0c35.3 0 64-28.7 64-64l0-320c0-35.3-28.7-64-64-64L64 32zm80 192a48 48 0 1 0 0-96 48 48 0 1 0 0 96z"/></svg></button>
        <button type="button" class="forum_iframe_button" title="Iframe (e.g. for Youtube video)"><svg xmlns="http://www.w3.org/2000/svg" viewBox="0 0 576 512" width="1em" height="1em" fill="currentColor"><!--!Font Awesome Free 6.7.2 by @fontawesome - https://fontawesome.com License - https://fontawesome.com/license/free Copyright 2025 Fonticons, Inc.--><path d="M0 128C0 92.7 28.7 64 64 64l256 0c35.3 0 64 28.7 64 64l0 256c0 35.3-28.7 64-64 64L64 448c-35.3 0-64-28.7-64-64L0 128zM559.1 99.8c10.4 5.6 16.9 16.4 16.9 28.2l0 256c0 11.8-6.5 22.6-16.9 28.2s-23 5-32.9-1.6l-96-64L416 337.1l0-17.1 0-128 0-17.1 14.2-9.5 96-64c9.8-6.5 22.4-7.2 32.9-1.6z"/></svg></button>
        <button type="button" class="forum_link_button" title="Link"><svg xmlns="http://www.w3.org/2000/svg" viewBox="0 0 640 512" width="1em" height="1em" fill="currentColor"><!--!Font Awesome Free 6.7.2 by @fontawesome - https://fontawesome.com License - https://fontawesome.com/license/free Copyright 2025 Fonticons, Inc.--><path d="M579.8 267.7c56.5-56.5 56.5-148 0-204.5c-50-50-128.8-56.5-186.3-15.4l-1.6 1.1c-14.4 10.3-17.7 30.3-7.4 44.6s30.3 17.7 44.6 7.4l1.6-1.1c32.1-22.9 76-19.3 103.8 8.6c31.5 31.5 31.5 82.5 0 114L422.3 334.8c-31.5 31.5-82.5 31.5-114 0c-27.9-27.9-31.5-71.8-8.6-103.8l1.1-1.6c10.3-14.4 6.9-34.4-7.4-44.6s-34.4-6.9-44.6 7.4l-1.1 1.6C206.5 251.2 213 330 263 380c56.5 56.5 148 56.5 204.5 0L579.8 267.7zM60.2 244.3c-56.5 56.5-56.5 148 0 204.5c50 50 128.8 56.5 186.3 15.4l1.6-1.1c14.4-10.3 17.7-30.3 7.4-44.6s-30.3-17.7-44.6-7.4l-1.6 1.1c-32.1 22.9-76 19.3-103.8-8.6C74 372 74 321 105.5 289.5L217.7 177.2c31.5-31.5 82.5-31.5 114 0c27.9 27.9 31.5 71.8 8.6 103.9l-1.1 1.6c-10.3 14.4-6.9 34.4 7.4 44.6s34.4 6.9 44.6-7.4l1.1-1.6C433.5 260.8 427 182 377 132c-56.5-56.5-148-56.5-204.5 0L60.2 244.3z"/></svg></button>
        <button type="button" class="forum_font_button" title="size"><svg xmlns="http://www.w3.org/2000/svg" viewBox="0 0 448 512" width="1em" height="1em" fill="currentColor"><!--!Font Awesome Free 6.7.2 by @fontawesome - https://fontawesome.com License - https://fontawesome.com/license/free Copyright 2025 Fonticons, Inc.--><path d="M254 52.8C249.3 40.3 237.3 32 224 32s-25.3 8.3-30 20.8L57.8 416 32 416c-17.7 0-32 14.3-32 32s14.3 32 32 32l96 0c17.7 0 32-14.3 32-32s-14.3-32-32-32l-1.8 0 18-48 159.6 0 18 48-1.8 0c-17.7 0-32 14.3-32 32s14.3 32 32 32l96 0c17.7 0 32-14.3 32-32s-14.3-32-32-32l-25.8 0L254 52.8zM279.8 304l-111.6 0L224 155.1 279.8 304z"/></svg></button>
        <div class="forum_font_sizes">
          <button type="button" class="forum_big_button">Big</button>
          <button type="button" class="forum_small_button">Small</button>
        </div>
        <button type="button" class="forum_bulleted_list_button" title="Bulleted List"><svg xmlns="http://www.w3.org/2000/svg" viewBox="0 0 512 512" width="1em" height="1em" fill="currentColor"><!--!Font Awesome Free 6.7.2 by @fontawesome - https://fontawesome.com License - https://fontawesome.com/license/free Copyright 2025 Fonticons, Inc.--><path d="M64 144a48 48 0 1 0 0-96 48 48 0 1 0 0 96zM192 64c-17.7 0-32 14.3-32 32s14.3 32 32 32l288 0c17.7 0 32-14.3 32-32s-14.3-32-32-32L192 64zm0 160c-17.7 0-32 14.3-32 32s14.3 32 32 32l288 0c17.7 0 32-14.3 32-32s-14.3-32-32-32l-288 0zm0 160c-17.7 0-32 14.3-32 32s14.3 32 32 32l288 0c17.7 0 32-14.3 32-32s-14.3-32-32-32l-288 0zM64 464a48 48 0 1 0 0-96 48 48 0 1 0 0 96zm48-208a48 48 0 1 0 -96 0 48 48 0 1 0 96 0z"/></svg></button>
        <button type="button" class="forum_numeric_list_button" title="Numeric List"><svg xmlns="http://www.w3.org/2000/svg" viewBox="0 0 512 512" width="1em" height="1em" fill="currentColor"><!--!Font Awesome Free 6.7.2 by @fontawesome - https://fontawesome.com License - https://fontawesome.com/license/free Copyright 2025 Fonticons, Inc.--><path d="M24 56c0-13.3 10.7-24 24-24l32 0c13.3 0 24 10.7 24 24l0 120 16 0c13.3 0 24 10.7 24 24s-10.7 24-24 24l-80 0c-13.3 0-24-10.7-24-24s10.7-24 24-24l16 0 0-96-8 0C34.7 80 24 69.3 24 56zM86.7 341.2c-6.5-7.4-18.3-6.9-24 1.2L51.5 357.9c-7.7 10.8-22.7 13.3-33.5 5.6s-13.3-22.7-5.6-33.5l11.1-15.6c23.7-33.2 72.3-35.6 99.2-4.9c21.3 24.4 20.8 60.9-1.1 84.7L86.8 432l33.2 0c13.3 0 24 10.7 24 24s-10.7 24-24 24l-88 0c-9.5 0-18.2-5.6-22-14.4s-2.1-18.9 4.3-25.9l72-78c5.3-5.8 5.4-14.6 .3-20.5zM224 64l256 0c17.7 0 32 14.3 32 32s-14.3 32-32 32l-256 0c-17.7 0-32-14.3-32-32s14.3-32 32-32zm0 160l256 0c17.7 0 32 14.3 32 32s-14.3 32-32 32l-256 0c-17.7 0-32-14.3-32-32s14.3-32 32-32zm0 160l256 0c17.7 0 32 14.3 32 32s-14.3 32-32 32l-256 0c-17.7 0-32-14.3-32-32s14.3-32 32-32z"/></svg></button>
        <button type="button" class="forum_list_item_button" title="List Item"><svg xmlns="http://www.w3.org/2000/svg" viewBox="0 0 384 512" width="1em" height="1em" fill="currentColor"><!--!Font Awesome Free 6.7.2 by @fontawesome - https://fontawesome.com License - https://fontawesome.com/license/free Copyright 2025 Fonticons, Inc.--><path d="M192 32c17.7 0 32 14.3 32 32l0 135.5 111.5-66.9c15.2-9.1 34.8-4.2 43.9 11s4.2 34.8-11 43.9L254.2 256l114.3 68.6c15.2 9.1 20.1 28.7 11 43.9s-28.7 20.1-43.9 11L224 312.5 224 448c0 17.7-14.3 32-32 32s-32-14.3-32-32l0-135.5L48.5 379.4c-15.2 9.1-34.8 4.2-43.9-11s-4.2-34.8 11-43.9L129.8 256 15.5 187.4c-15.2-9.1-20.1-28.7-11-43.9s28.7-20.1 43.9-11L160 199.5 160 64c0-17.7 14.3-32 32-32z"/></svg></button>
        <button type="button" class="forum_quotes_button" title="Quotes"><svg xmlns="http://www.w3.org/2000/svg" viewBox="0 0 448 512" width="1em" height="1em" fill="currentColor"><!--!Font Awesome Free 6.7.2 by @fontawesome - https://fontawesome.com License - https://fontawesome.com/license/free Copyright 2025 Fonticons, Inc.--><path d="M448 296c0 66.3-53.7 120-120 120l-8 0c-17.7 0-32-14.3-32-32s14.3-32 32-32l8 0c30.9 0 56-25.1 56-56l0-8-64 0c-35.3 0-64-28.7-64-64l0-64c0-35.3 28.7-64 64-64l64 0c35.3 0 64 28.7 64 64l0 32 0 32 0 72zm-256 0c0 66.3-53.7 120-120 120l-8 0c-17.7 0-32-14.3-32-32s14.3-32 32-32l8 0c30.9 0 56-25.1 56-56l0-8-64 0c-35.3 0-64-28.7-64-64l0-64c0-35.3 28.7-64 64-64l64 0c35.3 0 64 28.7 64 64l0 32 0 32 0 72z"/></svg></button>
        <button type="button" class="forum_code_button" title="Code"><svg xmlns="http://www.w3.org/2000/svg" viewBox="0 0 640 512" width="1em" height="1em" fill="currentColor"><!--!Font Awesome Free 6.7.2 by @fontawesome - https://fontawesome.com License - https://fontawesome.com/license/free Copyright 2025 Fonticons, Inc.--><path d="M392.8 1.2c-17-4.9-34.7 5-39.6 22l-128 448c-4.9 17 5 34.7 22 39.6s34.7-5 39.6-22l128-448c4.9-17-5-34.7-22-39.6zm80.6 120.1c-12.5 12.5-12.5 32.8 0 45.3L562.7 256l-89.4 89.4c-12.5 12.5-12.5 32.8 0 45.3s32.8 12.5 45.3 0l112-112c12.5-12.5 12.5-32.8 0-45.3l-112-112c-12.5-12.5-32.8-12.5-45.3 0zm-306.7 0c-12.5-12.5-32.8-12.5-45.3 0l-112 112c-12.5 12.5-12.5 32.8 0 45.3l112 112c12.5 12.5 32.8 12.5 45.3 0s12.5-32.8 0-45.3L77.3 256l89.4-89.4c12.5-12.5 12.5-32.8 0-45.3z"/></svg></button>
        <button type="button" class="forum_preview_button" title="Preview" data-url="/?Forum&amp;forum_action=preview&amp;forum_topic=AHQQ0TB341A6JX3CCM"><svg xmlns="http://www.w3.org/2000/svg" viewBox="0 0 576 512" width="1em" height="1em" fill="currentColor"><!--!Font Awesome Free 6.7.2 by @fontawesome - https://fontawesome.com License - https://fontawesome.com/license/free Copyright 2025 Fonticons, Inc.--><path d="M288 32c-80.8 0-145.5 36.8-192.6 80.6C48.6 156 17.3 208 2.5 243.7c-3.3 7.9-3.3 16.7 0 24.6C17.3 304 48.6 356 95.4 399.4C142.5 443.2 207.2 480 288 480s145.5-36.8 192.6-80.6c46.8-43.5 78.1-95.4 93-131.1c3.3-7.9 3.3-16.7 0-24.6c-14.9-35.7-46.2-87.7-93-131.1C433.5 68.8 368.8 32 288 32zM144 256a144 144 0 1 1 288 0 144 144 0 1 1 -288 0zm144-64c0 35.3-28.7 64-64 64c-7.1 0-13.9-1.2-20.3-3.3c-5.5-1.8-11.9 1.6-11.7 7.4c.3 6.9 1.3 13.8 3.2 20.7c13.7 51.2 66.4 81.6 117.6 67.9s81.6-66.4 67.9-117.6c-11.1-41.5-47.8-69.4-88.6-71.1c-5.8-.2-9.2 6.1-7.4 11.7c2.1 6.4 3.3 13.2 3.3 20.3z"/></svg></button>
      </div>
    </script>
    <textarea name="forum_text" cols="80" rows="10" required></textarea>
    <p class="forum_submit">
      <button class="submit" name="forum_do">Submit</button>
    </p>
  </form>
  <div class="forum_navlink">
    <a href="/?Forum&amp;forum_topic=AHQQ0TB341A6JX3CCM">Back to overview</a>
  </div>
</div>
