<div class="forum_container">
  <h6 class="forum_heading">Topic Title</h6>
  <div class="forum_topic">
    <div>
      <div class="forum_details">
        <span class="forum_user">cmb</span>
        <span class="forum_separator">â€¢</span>
        <span class="forum_date"></span>
      </div>
      <div class="forum_comment"></div>
    </div>
  </div>
  <div class="forum_navlink">
    <a href="/?Forum&amp;forum_topic=1234">Back to overview</a>
  </div>
</div>
