<h1>Forum 1.0beta5</h1>
<div class="forum_syscheck">
  <h2>System check</h2>
  <p class="xh_fail">PHP version ≥ 7.1.0: failure</p>
  <p class="xh_fail">PHP extension 'json' is loaded: failure</p>
  <p class="xh_fail">PHP extension 'session' is loaded: failure</p>
  <p class="xh_fail">CMSimple_XH version ≥ 1.7.0: failure</p>
  <p class="xh_fail">Plib_XH version ≥ 1.6: failure</p>
  <p class="xh_warning">'./plugins/forum/css/' is writable: warning</p>
  <p class="xh_warning">'./plugins/forum/config' is writable: warning</p>
  <p class="xh_warning">'./plugins/forum/languages/' is writable: warning</p>
  <p class="xh_warning">'./content/forum/' is writable: warning</p>
  <h2>Migration</h2>
  <form method="post" action="/?&amp;forum_action=migrate&amp;forum_forum=old-forum">
    <span>old-forum</span>
    <button name="forum_do">Migrate</button>
  </form>
</div>
